// Jest Snapshot v1, https://goo.gl/fbAQLP

exports[`should generate a child 1`] = `
"key1: value1
key2:
  child1: value1
"
`;

exports[`should generate basic yaml 1`] = `
"key: value
"
`;

exports[`should generate two lines 1`] = `
"key1: value1
key2: value2
"
`;
